1:226374920:A:C
1:226374920:A:T
1:159768970:T:C
1:159769493:A:C
1:159773391:C:A
1:159774055:C:T
1:159774997:C:T
1:159775002:C:T
1:159775161:A:G
1:159779076:T:C
1:159779320:T:G
1:159779398:C:A
2:159821048:C:T
2:159834145:G:A
2:159925824:T:C
2:205157972:C:T
2:205183276:G:A
2:25139646:T:C
2:25154307:T:C
2:47273271:G:A
2:47285730:T:C
3:150287063:C:G
3:160106004:C:T
3:160229313:G:T
3:160412322:G:A
3:160440785:C:T
4:104884951:A:T
4:184204153:G:T
5:1097331:G:A
5:1203384:T:C
5:1249701:C:T
5:1253629:G:A
5:1267766:C:G
5:1278469:C:T
5:1280362:G:A
5:1285859:C:A
5:1285917:G:A
5:1286401:C:A
5:1287079:G:A
5:1288432:T:C
5:1293971:C:T
5:1296643:T:C
5:1300195:G:T
5:1312214:C:T
5:1361187:G:C
5:1361773:T:C
5:1366259:G:A
5:1372402:G:C
5:1447647:G:C
6:109262379:C:T
6:109321472:G:A
6:109333018:A:G
6:109378243:A:T
6:109382480:G:C
6:109449666:G:A
6:109499851:C:T
6:43388113:A:G
6:32701054:T:C
6:32701069:G:T
6:32714360:A:G
6:32714652:C:T
6:32715138:T:G
6:32715278:C:T
6:32715605:C:T
6:32715868:A:G
6:32715973:T:C
6:32715986:G:A
6:32716328:C:T
6:32716480:A:G
6:32716495:T:A
6:32716540:T:C
6:32716610:A:G
6:32716983:C:T
6:32717773:G:A
7:130158775:C:T
7:44864065:A:G
7:57108932:T:C
8:129563195:T:C
11:108043157:T:C
11:108217120:G:T
11:108435509:C:A
11:108444879:C:T
11:108479724:A:T
11:68052868:T:A
12:26436837:G:A
12:1968227:C:T
14:100712378:C:G
14:95711986:T:C
14:95714358:G:T
14:95716279:A:C
17:57386496:C:T
17:7668434:T:G
17:7827723:C:G
17:71932205:C:T
18:44571296:C:T
20:31671342:A:G
21:34972056:C:T
22:27918624:G:A
22:50532618:T:C
